python : 2026-06-02 10:42:05,585 - __main__ - INFO - Step 1: Loading raw 
data...
At line:1 char:63
+ ... sk-model" ; python test_data_processing.py > test_output.txt 2>&1 ; t ...
+                 ~~~~~~~~~~~~~~~~~~~~~~~~~~~~~~~~~~~~~~~~~~~~~~~~~~~~~
    + CategoryInfo          : NotSpecified: (2026-06-02 10:4...ing raw data... 
   :String) [], RemoteException
    + FullyQualifiedErrorId : NativeCommandError
 
2026-06-02 10:42:05,585 - src.data_loader - INFO - Loading data from: 
C:\Users\PC\Documents\New folder (2)\credit-risk-model\data\data.csv
2026-06-02 10:42:05,848 - src.data_loader - INFO - \u2713 Raw data loaded: 
95,662 rows ╫ 16 columns
2026-06-02 10:42:05,848 - src.validators - INFO - \u2713 DataFrame structure 
valid: 95,662 rows ╫ 16 columns
2026-06-02 10:42:05,961 - src.data_loader - INFO - \u2713 Type conversions 
applied successfully
2026-06-02 10:42:05,965 - src.data_loader - INFO - Running full validation 
pipeline...
2026-06-02 10:42:05,965 - src.validators - INFO - 
======================================================================
2026-06-02 10:42:05,965 - src.validators - INFO - STARTING FULL DATA VALIDATION
2026-06-02 10:42:05,965 - src.validators - INFO - 
======================================================================
2026-06-02 10:42:05,965 - src.validators - INFO - \u2713 DataFrame structure 
valid: 95,662 rows ╫ 16 columns
2026-06-02 10:42:05,965 - src.validators - INFO - \u2713 All data types 
validated successfully
2026-06-02 10:42:05,992 - src.validators - INFO - \u2713 No missing values 
detected
2026-06-02 10:42:06,090 - src.validators - INFO - \u2713 No duplicate rows 
detected
2026-06-02 10:42:06,092 - src.validators - INFO - \u2713 Class distribution 
validated: {'total': 95662, 'classes': {np.int64(0): 95469, np.int64(1): 193}, 
'proportions': {np.int64(0): 0.9979824799816019, np.int64(1): 
0.00201752001839811}}
2026-06-02 10:42:06,096 - src.validators - WARNING - \u26a0\ufe0f  High 
correlation: Value \u2194 Amount (r=0.9897)
2026-06-02 10:42:06,096 - src.validators - INFO - 
======================================================================
2026-06-02 10:42:06,096 - src.validators - INFO - \u2713 FULL VALIDATION 
COMPLETED SUCCESSFULLY
2026-06-02 10:42:06,097 - src.validators - INFO - 
======================================================================
2026-06-02 10:42:06,097 - src.data_loader - INFO - Validation results: 
{'structure': 'PASSED', 'data_types': 'PASSED', 'missing_values': {}, 
'duplicates': np.int64(0), 'outliers_iqr': {}, 'class_distribution': {'total': 
95662, 'classes': {np.int64(0): 95469, np.int64(1): 193}, 'proportions': 
{np.int64(0): 0.9979824799816019, np.int64(1): 0.00201752001839811}}, 
'multicollinearity': {('Value', 'Amount'): np.float64(0.9896921359901205)}}
2026-06-02 10:42:06,097 - __main__ - INFO - \u2713 Loaded 95,662 transactions
2026-06-02 10:42:06,097 - __main__ - INFO -   Shape: (95662, 16)
2026-06-02 10:42:06,097 - __main__ - INFO -   Columns: ['TransactionId', 
'BatchId', 'AccountId', 'SubscriptionId', 'CustomerId', 'CurrencyCode', 
'CountryCode', 'ProviderId', 'ProductId', 'ProductCategory', 'ChannelId', 
'Amount', 'Value', 'TransactionStartTime', 'PricingStrategy', 'FraudResult']
2026-06-02 10:42:06,231 - __main__ - INFO -   Memory usage: 61.37 MB
2026-06-02 10:42:06,231 - __main__ - INFO - 
Step 2: Creating and fitting preprocessing pipeline...
2026-06-02 10:42:06,234 - src.validators - INFO - \u2713 DataFrame structure 
valid: 1,000 rows ╫ 16 columns
2026-06-02 10:42:06,234 - src.data_processing - INFO - Fitting preprocessing 
pipeline on 1000 records...
2026-06-02 10:42:06,234 - src.data_processing - INFO - Created preprocessing 
pipeline with 7 steps
2026-06-02 10:42:06,240 - src.data_processing - INFO - 
AggregateFeatureTransformer fitted with 1000 transactions
2026-06-02 10:42:06,365 - src.data_processing - INFO - Generated 416 
customer-level aggregate records
2026-06-02 10:42:06,368 - src.data_processing - INFO - Fitted imputers for 14 
numeric and 0 categorical columns
2026-06-02 10:42:06,382 - src.data_processing - INFO - Fitted outlier bounds 
for 14 numeric columns
2026-06-02 10:42:06,396 - src.data_processing - INFO - \u2713 Preprocessing 
pipeline fitted successfully
2026-06-02 10:42:06,396 - __main__ - INFO - \u2713 Pipeline fitted successfully
2026-06-02 10:42:06,397 - __main__ - INFO -   Pipeline steps: 
['aggregate_features', 'binning', 'missing_values', 'outlier_removal', 
'log_transform', 'woe_iv', 'numeric_scaling']
2026-06-02 10:42:06,397 - __main__ - INFO - 
Step 3: Transforming data with fitted pipeline...
2026-06-02 10:42:06,397 - src.validators - INFO - \u2713 DataFrame structure 
valid: 1,000 rows ╫ 16 columns
2026-06-02 10:42:06,397 - src.data_processing - INFO - Processing 1000 records 
through pipeline...
2026-06-02 10:42:06,527 - src.data_processing - INFO - Generated 416 
customer-level aggregate records
2026-06-02 10:42:06,543 - src.data_processing - INFO - \u2713 Processed data 
shape: (416, 15)
2026-06-02 10:42:06,543 - __main__ - INFO - \u2713 Data processed successfully
2026-06-02 10:42:06,543 - __main__ - INFO -   Original shape: (1000, 16)
2026-06-02 10:42:06,543 - __main__ - INFO -   Processed shape: (416, 15)
2026-06-02 10:42:06,543 - __main__ - INFO -   Features generated: 15 columns
2026-06-02 10:42:06,543 - __main__ - INFO - 
Step 4: Analyzing processed data...
2026-06-02 10:42:06,543 - __main__ - INFO -   Numerical features: 14
2026-06-02 10:42:06,544 - __main__ - INFO -   Categorical features: 0
2026-06-02 10:42:06,544 - __main__ - INFO -   \u2713 No missing values
2026-06-02 10:42:06,544 - __main__ - INFO - 
  Numerical features summary:
2026-06-02 10:42:06,559 - __main__ - INFO -        total_transactions  
total_amount   mean_amount  std_amount    max_amount    min_amount  
fraud_count  fraud_rate  transaction_hour_<lambda>  transaction_day_<lambda>  
days_since_first_tx  recency_days  night_transaction_ratio  
weekend_transaction_ratio
count        4.160000e+02  4.160000e+02  4.160000e+02       416.0  
4.160000e+02  4.160000e+02        416.0       416.0               4.160000e+02 
             4.160000e+02                416.0  4.160000e+02                   
 416.0               4.160000e+02
mean        -7.259151e-17  3.416071e-17  1.878839e-16         0.0  
2.135044e-17 -8.540177e-18          0.0         0.0               8.540177e-18 
            -5.551115e-17                  0.0 -1.024821e-16                   
   0.0               2.135044e-17
std          1.001204e+00  1.001204e+00  1.001204e+00         0.0  
1.001204e+00  1.001204e+00          0.0         0.0               1.001204e+00 
             1.001204e+00                  0.0  1.001204e+00                   
   0.0               1.001204e+00
min         -5.270998e-01 -2.591176e+00 -2.849774e+00         0.0 
-2.731541e+00 -2.374005e+00          0.0         0.0              
-1.745149e+00             -1.397462e+00                  0.0 -1.415500e+00     
                 0.0              -6.168169e-01
25%         -5.270998e-01 -7.437343e-01 -6.863438e-01         0.0 
-7.348377e-01 -6.734558e-01          0.0         0.0              
-9.147437e-01             -8.471550e-01                  0.0 -9.486854e-01     
                 0.0              -6.168169e-01
50%         -5.270998e-01 -3.331916e-01 -4.459627e-01         0.0 
-4.390298e-01 -4.467158e-01          0.0         0.0              
-8.433807e-02             -1.867868e-01                  0.0 -9.285802e-02     
                 0.0              -6.168169e-01
75%          8.563293e-01  4.878938e-01  7.559431e-01         0.0  
5.962979e-01  4.602439e-01          0.0         0.0               9.536689e-01 
             9.138268e-01                  0.0  7.629694e-01                   
   0.0               6.269188e-01
max          2.931473e+00  2.335336e+00  2.919373e+00         0.0  
2.593001e+00  2.160793e+00          0.0         0.0               2.199277e+00 
             1.904379e+00                  0.0  2.085612e+00                   
   0.0               1.870654e+00
2026-06-02 10:42:06,559 - __main__ - INFO - 
Step 5: Extracting WoE/IV feature importance...
2026-06-02 10:42:06,560 - __main__ - WARNING -   No WoE/IV importance available
2026-06-02 10:42:06,560 - __main__ - INFO - 
Step 6: Sample of processed data:
2026-06-02 10:42:06,563 - __main__ - INFO - 
        AccountId  total_transactions  total_amount  mean_amount  std_amount  
max_amount  min_amount  fraud_count  fraud_rate  transaction_hour_<lambda>  
transaction_day_<lambda>  days_since_first_tx  recency_days  
night_transaction_ratio  weekend_transaction_ratio
0    AccountId_10            2.931473     -2.276427    -1.119030         0.0   
-1.030646   -2.033895          0.0         0.0                  -0.914744      
           -0.516971                  0.0     -1.376599                      
0.0                  -0.616817
1  AccountId_1027           -0.527100      0.487894     0.755943         0.0   
 0.596298    1.367204          0.0         0.0                   0.123263      
           -1.397462                  0.0     -0.987587                      
0.0                  -0.616817
2  AccountId_1032           -0.527100      2.335336     2.919373         0.0   
 2.593001    2.160793          0.0         0.0                   0.330865      
            1.354072                  0.0     -0.754179                      
0.0                   1.870654
3  AccountId_1054           -0.527100      0.898437     1.236705         0.0   
 1.040010    2.047423          0.0         0.0                  -1.329946      
           -1.397462                  0.0     -0.948685                      
0.0                  -0.616817
4  AccountId_1075           -0.527100     -0.606887    -0.526090         0.0   
-0.586934   -0.446716          0.0         0.0                  -0.707142      
           -0.296848                  0.0     -0.131759                      
0.0                  -0.616817
5  AccountId_1148            0.856329     -0.333192    -0.526090         0.0   
-0.439030   -0.673456          0.0         0.0                  -0.914744      
            0.033336                  0.0     -0.598574                      
0.0                  -0.616817
6  AccountId_1158           -0.527100     -0.743734    -0.686344         0.0   
-0.734838   -0.673456          0.0         0.0                   0.953669      
            0.033336                  0.0     -0.287364                      
0.0                  -0.616817
7  AccountId_1166           -0.527100      1.856369     2.358484         0.0   
 2.075337    2.160793          0.0         0.0                   0.538466      
            1.354072                  0.0     -0.754179                      
0.0                   1.870654
8  AccountId_1176           -0.527100     -0.743734    -0.686344         0.0   
-0.734838   -0.673456          0.0         0.0                   0.330865      
            0.693704                  0.0     -0.520772                      
0.0                   1.870654
9  AccountId_1183            0.856329     -0.059496    -0.365836         0.0   
-0.143222   -0.673456          0.0         0.0                   0.746068      
            1.574195                  0.0      0.373957                      
0.0                  -0.616817

================================================================================
DATA PROCESSING PIPELINE - VALIDATION TEST
================================================================================


================================================================================
VALIDATION SUMMARY
================================================================================
[OK] Raw data loaded: 95,662 transactions
[OK] Pipeline created with 7 transformation steps
[OK] Data processed: 416 records x 15 features
[OK] Numerical features: 14
[OK] Categorical features: 0
[OK] Missing values: 0.00%

[SUCCESS] PIPELINE VALIDATION SUCCESSFUL!
================================================================================

